// Jest Snapshot v1, https://goo.gl/fbAQLP

exports[`it renders 1`] = `
<_class
  enableAutomaticScroll={true}
  enableResetScrollToCoords={true}
  extraHeight={75}
  extraScrollHeight={0}
  innerRef={[Function]}
  keyboardOpeningTime={250}
  renderItem={[Function]}
  renderSectionHeader={[Function]}
  sections={
    Array [
      Object {
        "data": Array [
          Object {
            "editable": false,
            "field": "vehicleDescription",
            "id": "1",
            "key1": "description",
            "label": "Vehicle Description",
            "readable": true,
            "required": false,
            "section": "Vehicle Information",
            "showWarning": false,
            "type": "label",
            "value": "",
          },
          Object {
            "editable": false,
            "field": "damageType",
            "id": "2",
            "key1": "lossType",
            "label": "Damage Type",
            "readable": true,
            "required": false,
            "section": "Vehicle Information",
            "showWarning": false,
            "type": "label",
            "value": "",
          },
          Object {
            "editable": false,
            "field": "licenseNumber",
            "id": "3",
            "key1": "licenseNumber",
            "label": "License Number",
            "readable": true,
            "required": false,
            "section": "Vehicle Information",
            "showWarning": false,
            "type": "label",
            "value": "",
          },
          Object {
            "editable": false,
            "field": "vin",
            "id": "4",
            "key1": "vin",
            "label": "VIN",
            "readable": true,
            "required": false,
            "section": "Vehicle Information",
            "showWarning": false,
            "type": "label",
            "value": "",
          },
          Object {
            "editable": false,
            "field": "vehicleType",
            "id": "5",
            "key1": "vehicleType",
            "label": "Vehicle Type",
            "readable": true,
            "required": false,
            "section": "Vehicle Information",
            "showWarning": false,
            "type": "label",
            "value": "",
          },
          Object {
            "editable": false,
            "field": "driverName",
            "id": "6",
            "key1": "responsible_party_name",
            "label": "Driver Name (Tow Provider)",
            "readable": true,
            "required": false,
            "section": "Vehicle Information",
            "showWarning": false,
            "type": "label",
            "value": "",
          },
          Object {
            "editable": false,
            "field": "isTowable",
            "id": "7",
            "key1": "isTowable",
            "label": "Is Tow-able",
            "readable": true,
            "required": false,
            "section": "Vehicle Information",
            "showWarning": false,
            "type": "label",
            "value": "",
          },
        ],
        "key": "Vehicle Information",
      },
      Object {
        "data": Array [
          Object {
            "editable": false,
            "field": "pickUpAddress",
            "id": "8",
            "key1": "pickUpAddress",
            "label": "Pickup Address",
            "readable": true,
            "required": false,
            "section": "Location Information",
            "showWarning": false,
            "type": "label",
            "value": "",
          },
          Object {
            "editable": false,
            "field": "yardAddress",
            "id": "9",
            "key1": "yardAddress",
            "label": "Yard Address",
            "readable": true,
            "required": false,
            "section": "Location Information",
            "showWarning": false,
            "type": "label",
            "value": "",
          },
          Object {
            "editable": false,
            "field": "tripZone",
            "id": "10",
            "key1": "tripZone",
            "label": "Trip Zone",
            "readable": true,
            "referenceDataKey": "other",
            "required": false,
            "section": "Location Information",
            "showWarning": false,
            "type": "label",
            "value": "",
          },
          Object {
            "editable": false,
            "field": "advanceLimit",
            "id": "11",
            "key1": "advanceLimit",
            "label": "Advance Limit",
            "readable": true,
            "required": false,
            "section": "Location Information",
            "showWarning": false,
            "type": "label",
            "value": "",
          },
          Object {
            "editable": false,
            "field": "vehicleWeight",
            "id": "12",
            "key1": "vehicle_weight",
            "label": "Vehicle Weight",
            "readable": true,
            "required": false,
            "section": "Location Information",
            "showWarning": false,
            "type": "label",
            "value": "",
          },
        ],
        "key": "Location Information",
      },
      Object {
        "data": Array [
          Object {
            "editable": true,
            "field": "puTitle",
            "id": "13",
            "key1": "puTitle",
            "label": "Pickup Title",
            "optionKeys": "Yes|No",
            "readable": true,
            "required": true,
            "section": "Documents Collected",
            "showWarning": false,
            "type": "buttons",
            "value": "",
          },
          Object {
            "editable": true,
            "field": "lienRelease",
            "id": "14",
            "key1": "lienRelease",
            "label": "Get Lien Release",
            "optionKeys": "Yes|No",
            "readable": true,
            "required": true,
            "section": "Documents Collected",
            "showWarning": false,
            "type": "buttons",
            "value": "",
          },
          Object {
            "editable": true,
            "field": "poa",
            "id": "15",
            "key1": "poa",
            "label": "Get P.O.A",
            "optionKeys": "Yes|No",
            "readable": true,
            "required": true,
            "section": "Documents Collected",
            "showWarning": false,
            "type": "buttons",
            "value": "",
          },
          Object {
            "autoCapitalize": "sentences",
            "editable": true,
            "field": "otherDocuments",
            "id": "16",
            "key1": "otherDocuments",
            "label": "Other",
            "readable": true,
            "required": false,
            "section": "Documents Collected",
            "showWarning": false,
            "type": "text",
            "validations": Object {
              "maxLength": 20,
            },
            "value": "",
          },
        ],
        "key": "Documents Collected",
      },
      Object {
        "data": Array [
          Object {
            "autoCapitalize": "sentences",
            "editable": true,
            "field": "vehicleDescCorrection",
            "id": "17",
            "key1": "vehicleDescCorrection",
            "label": "Vehicle Description Correction",
            "readable": true,
            "required": false,
            "section": "Vehicle Details",
            "showWarning": false,
            "type": "text",
            "validations": Object {
              "maxLength": 30,
            },
            "value": "",
          },
          Object {
            "editable": true,
            "field": "towType",
            "id": "18",
            "key1": "towType",
            "label": "Tow Type ?",
            "optionKeys": "Standard|Medium|Heavy",
            "optionValues": "S|M|H",
            "readable": true,
            "required": false,
            "section": "Vehicle Details",
            "showWarning": false,
            "type": "buttons",
            "value": "",
          },
          Object {
            "editable": true,
            "field": "keys ?",
            "id": "19",
            "key1": "keys",
            "label": "Keys ?",
            "optionKeys": "Yes|No",
            "readable": true,
            "required": true,
            "section": "Vehicle Details",
            "showWarning": false,
            "type": "buttons",
            "value": "",
          },
          Object {
            "editable": true,
            "field": "keyFob",
            "id": "20",
            "key1": "keyFob",
            "label": "Keys Fob ?",
            "optionKeys": "Yes|No",
            "readable": true,
            "required": true,
            "section": "Vehicle Details",
            "showWarning": false,
            "type": "buttons",
            "value": "",
          },
          Object {
            "editable": true,
            "field": "vehicleColor",
            "id": "21",
            "key1": "colors",
            "label": "Vehicle Color",
            "multiselect": false,
            "readable": true,
            "referenceDataKey": "colors",
            "required": true,
            "section": "Vehicle Details",
            "showWarning": false,
            "type": "accessory",
            "value": "",
          },
          Object {
            "editable": true,
            "field": "primaryDamage",
            "id": "22",
            "key1": "primaryDamage",
            "label": "Primary Damage",
            "multiselect": false,
            "readable": true,
            "referenceDataKey": "damageCodes",
            "required": true,
            "section": "Vehicle Details",
            "showWarning": false,
            "type": "accessory",
            "value": "",
          },
          Object {
            "editable": true,
            "field": "secondaryDamage",
            "id": "23",
            "key1": "secondaryDamage",
            "label": "Secondary Damage",
            "multiselect": false,
            "readable": true,
            "referenceDataKey": "damageCodes",
            "required": true,
            "section": "Vehicle Details",
            "showWarning": false,
            "type": "accessory",
            "value": "",
          },
          Object {
            "autoCapitalize": "characters",
            "editable": true,
            "field": "licensePlate",
            "id": "24",
            "key1": "licensePlate",
            "label": "License Plate",
            "readable": true,
            "required": true,
            "section": "Vehicle Details",
            "showWarning": false,
            "type": "text",
            "validations": Object {
              "maxLength": 10,
            },
            "value": "",
          },
          Object {
            "editable": true,
            "field": "state",
            "id": "25",
            "key1": "state",
            "label": "State",
            "multiselect": false,
            "readable": true,
            "referenceDataKey": "stateCodes",
            "required": true,
            "section": "Vehicle Details",
            "showWarning": false,
            "type": "accessory",
            "value": "",
          },
          Object {
            "editable": true,
            "field": "numberOfPlates",
            "id": "26",
            "key1": "numberOfPlates",
            "label": "Number of Plates",
            "multiselect": false,
            "readable": true,
            "referenceDataKey": "numberOfPlates",
            "required": true,
            "section": "Vehicle Details",
            "showWarning": false,
            "type": "accessory",
            "value": "",
          },
          Object {
            "editable": true,
            "field": "vinPlate",
            "id": "27",
            "key1": "vinPlate",
            "label": "VIN Plate ?",
            "optionKeys": "Yes|No",
            "readable": true,
            "required": true,
            "section": "Vehicle Details",
            "showWarning": false,
            "type": "buttons",
            "value": "",
          },
          Object {
            "editable": true,
            "field": "shopVIN",
            "id": "28",
            "key1": "shopVIN",
            "label": "Shop VIN",
            "readable": true,
            "required": false,
            "section": "Vehicle Details",
            "showWarning": false,
            "type": "vin",
            "validations": Object {
              "maxLength": 17,
            },
            "value": "",
          },
        ],
        "key": "Vehicle Details",
      },
      Object {
        "data": Array [
          Object {
            "editable": true,
            "field": "mechanical",
            "id": "29",
            "key1": "mechanical",
            "label": "Mechanical",
            "multiselect": true,
            "readable": true,
            "referenceDataKey": "mechanicalPartCodes",
            "required": false,
            "section": "Vehicle Missing Parts",
            "showWarning": false,
            "type": "accessory",
            "value": "",
          },
          Object {
            "editable": true,
            "field": "interior",
            "id": "30",
            "key1": "interior",
            "label": "Interior",
            "multiselect": true,
            "readable": true,
            "referenceDataKey": "interiorPartCodes",
            "required": false,
            "section": "Vehicle Missing Parts",
            "showWarning": false,
            "type": "accessory",
            "value": "",
          },
          Object {
            "editable": true,
            "field": "sheetMetal",
            "id": "31",
            "key1": "sheetMetal",
            "label": "Sheet Metal",
            "multiselect": true,
            "readable": true,
            "referenceDataKey": "sheetMetalPartCodes",
            "required": false,
            "section": "Vehicle Missing Parts",
            "showWarning": false,
            "type": "accessory",
            "value": "",
          },
          Object {
            "editable": true,
            "field": "exterior",
            "id": "32",
            "key1": "exterior",
            "label": "Exterior",
            "multiselect": true,
            "readable": true,
            "referenceDataKey": "exteriorPartCodes",
            "required": false,
            "section": "Vehicle Missing Parts",
            "showWarning": false,
            "type": "accessory",
            "value": "",
          },
        ],
        "key": "Vehicle Missing Parts",
      },
      Object {
        "data": Array [
          Object {
            "editable": true,
            "field": "driverSideAir",
            "id": "33",
            "key1": "driverSideAir",
            "label": "Driver Side Airbag",
            "optionKeys": "Damaged|Missing",
            "readable": true,
            "required": false,
            "section": "Airbag Details",
            "showWarning": false,
            "type": "buttons",
            "value": "",
          },
          Object {
            "editable": true,
            "field": "passSideAir",
            "id": "34",
            "key1": "passSideAir",
            "label": "Passenger Side Airbag",
            "optionKeys": "Damaged|Missing",
            "readable": true,
            "required": false,
            "section": "Airbag Details",
            "showWarning": false,
            "type": "buttons",
            "value": "",
          },
          Object {
            "editable": true,
            "field": "leftSideAir",
            "id": "35",
            "key1": "leftSideAir",
            "label": "Left Side Airbag",
            "optionKeys": "Damaged|Missing",
            "readable": true,
            "required": false,
            "section": "Airbag Details",
            "showWarning": false,
            "type": "buttons",
            "value": "",
          },
          Object {
            "editable": true,
            "field": "rightSideAir",
            "id": "36",
            "key1": "rightSideAir",
            "label": "Right Side Airbag",
            "optionKeys": "Damaged|Missing",
            "readable": true,
            "required": false,
            "section": "Airbag Details",
            "showWarning": false,
            "type": "buttons",
            "value": "",
          },
        ],
        "key": "Airbag Details",
      },
      Object {
        "data": Array [
          Object {
            "editable": true,
            "field": "numberOfWheels",
            "id": "37",
            "key1": "numberOfWheels",
            "label": "Number of Wheels",
            "multiselect": false,
            "readable": true,
            "referenceDataKey": "numberOfWheels",
            "required": true,
            "section": "Wheel Details",
            "showWarning": false,
            "type": "accessory",
            "value": "",
          },
          Object {
            "editable": true,
            "field": "wheelType",
            "id": "38",
            "key1": "wheelType",
            "label": "Wheel Type",
            "optionKeys": "Alloy|Steel",
            "readable": true,
            "required": true,
            "section": "Wheel Details",
            "showWarning": false,
            "type": "buttons",
            "value": "",
          },
          Object {
            "editable": true,
            "field": "wheelModel",
            "id": "39",
            "key1": "wheelModel",
            "label": "Wheel Model",
            "optionKeys": "Standard|Custom",
            "readable": true,
            "required": true,
            "section": "Wheel Details",
            "showWarning": false,
            "type": "buttons",
            "value": "",
          },
          Object {
            "editable": true,
            "field": "evidenceOfTeardown",
            "id": "40",
            "key1": "evidenceOfTeardown",
            "label": "Evidence of Teardown",
            "optionKeys": "Yes|No",
            "readable": true,
            "required": true,
            "section": "Wheel Details",
            "showWarning": false,
            "type": "buttons",
            "value": "",
          },
        ],
        "key": "Wheel Details",
      },
      Object {
        "data": Array [
          Object {
            "documentType": "DISPATCH_IMAGE",
            "editable": true,
            "field": "vehicleImages",
            "id": "41",
            "key1": "vehicleImages",
            "label": "Vehicle Image",
            "readable": true,
            "required": true,
            "section": "Vehicle Image",
            "showWarning": false,
            "type": "image",
            "value": "",
          },
        ],
        "key": "Vehicle Image",
      },
    ]
  }
  viewIsInsideTabBar={false}
/>
`;
